id=1 {"runId":"run-1","threadId":"run-1","timestamp":1767323045000,"type":"RUN_STARTED"}
id=3 {"name":"chatstream.approval_request","timestamp":1767323045000,"type":"CUSTOM","value":{"approvalId":"ap-9","descriptor":{"tool":"bash","input":{"cmd":"ls"}},"reason":"runs a shell command"}}
id=4 {"timestamp":1767323045000,"toolCallId":"c7","toolCallName":"bash","type":"TOOL_CALL_START"}
id=5 {"delta":"{\"cmd\":\"ls\"}","timestamp":1767323045000,"toolCallId":"c7","type":"TOOL_CALL_ARGS"}
id=5 {"timestamp":1767323045000,"toolCallId":"c7","type":"TOOL_CALL_END"}
id=7 {"runId":"run-1","threadId":"run-1","timestamp":1767323045000,"type":"RUN_FINISHED"}
