id=1 {"runId":"run-1","threadId":"run-1","timestamp":1767323045000,"type":"RUN_STARTED"}
id=3 {"timestamp":1767323045000,"toolCallId":"c1","toolCallName":"bash","type":"TOOL_CALL_START"}
id=4 {"delta":"{\"cmd\":\"rm -rf x\"}","timestamp":1767323045000,"toolCallId":"c1","type":"TOOL_CALL_ARGS"}
id=4 {"timestamp":1767323045000,"toolCallId":"c1","type":"TOOL_CALL_END"}
id=7 {"outcome":{"interrupts":[{"expiresAt":"2026-01-02T03:09:05Z","id":"ap-2","reason":"runs a shell command","toolCallId":"c1"}],"type":"interrupt"},"runId":"run-1","threadId":"run-1","timestamp":1767323045000,"type":"RUN_FINISHED"}
