id=1 {"runId":"run-1","threadId":"run-1","timestamp":1767323045000,"type":"RUN_STARTED"}
id=3 {"messageId":"t1","role":"assistant","timestamp":1767323045000,"type":"TEXT_MESSAGE_START"}
id=4 {"delta":"Hello","messageId":"t1","timestamp":1767323045000,"type":"TEXT_MESSAGE_CONTENT"}
id=5 {"delta":", world","messageId":"t1","timestamp":1767323045000,"type":"TEXT_MESSAGE_CONTENT"}
id=6 {"messageId":"t1","timestamp":1767323045000,"type":"TEXT_MESSAGE_END"}
id=8 {"runId":"run-1","threadId":"run-1","timestamp":1767323045000,"type":"RUN_FINISHED"}
