id=1 {"runId":"run-1","threadId":"run-1","timestamp":1767323045000,"type":"RUN_STARTED"}
id=3 {"event":{"type":"slot_changed","content":"slot 2"},"source":"nanite","timestamp":1767323045000,"type":"RAW"}
id=4 {"event":{"type":"ping"},"source":"anthropic","timestamp":1767323045000,"type":"RAW"}
id=5 {"activityType":"nanite.status","content":{"text":"compacting"},"messageId":"activity:nanite.status","replace":true,"timestamp":1767323045000,"type":"ACTIVITY_SNAPSHOT"}
id=6 {"activityType":"nanite.status","messageId":"activity:nanite.status","patch":[{"op":"replace","path":"/text","value":"done"}],"timestamp":1767323045000,"type":"ACTIVITY_DELTA"}
id=7 {"snapshot":{"todo":[1,2]},"timestamp":1767323045000,"type":"STATE_SNAPSHOT"}
id=8 {"name":"chatstream.replace_content","timestamp":1767323045000,"type":"CUSTOM","value":{"content":"replaced"}}
id=10 {"runId":"run-1","threadId":"run-1","timestamp":1767323045000,"type":"RUN_FINISHED"}
