{"choices":[{"delta":{"content":"","role":"assistant"},"finish_reason":null,"index":0}],"created":1767323045,"id":"chatcmpl-run-1","model":"claude-x","object":"chat.completion.chunk"}
{"choices":[{"delta":{"content":"partial"},"finish_reason":null,"index":0}],"created":1767323045,"id":"chatcmpl-run-1","model":"claude-x","object":"chat.completion.chunk"}
{"error":{"code":"rate_limited","message":"slow down","type":"server_error"}}
[DONE]
