{"choices":[{"delta":{"content":"","role":"assistant"},"finish_reason":null,"index":0}],"created":1767323045,"id":"chatcmpl-run-1","model":"claude-x","object":"chat.completion.chunk"}
{"choices":[{"delta":{"content":"half a sen"},"finish_reason":null,"index":0}],"created":1767323045,"id":"chatcmpl-run-1","model":"claude-x","object":"chat.completion.chunk"}
{"error":{"code":"stream_lost","message":"the stream ended before the run finished: connection reset by peer","type":"server_error"}}
[DONE]
