{"messageMetadata":{"model":"claude-x","provider":"anthropic","runId":"run-1"},"type":"start"}
{"type":"start-step"}
{"id":"t1","type":"text-start"}
{"delta":"partial","id":"t1","type":"text-delta"}
{"id":"t1","type":"text-end"}
{"type":"finish-step"}
{"reason":"user canceled","type":"abort"}
[DONE]
