{"messageMetadata":{"model":"claude-x","provider":"anthropic","runId":"run-1"},"type":"start"}
{"type":"start-step"}
{"dynamic":true,"toolCallId":"c1","toolName":"bash","type":"tool-input-start"}
{"inputTextDelta":"{\"cmd\":\"ls\"}","toolCallId":"c1","type":"tool-input-delta"}
{"dynamic":true,"input":{"cmd":"ls"},"toolCallId":"c1","toolName":"bash","type":"tool-input-available"}
{"approvalDescriptor":{"tool":"bash","input":{"cmd":"ls"}},"approvalId":"ap-1","reason":"runs a shell command","toolCallId":"c1","type":"tool-approval-request"}
{"type":"finish-step"}
{"finishReason":"tool-calls","type":"finish"}
[DONE]
