{"messageMetadata":{"model":"claude-x","provider":"anthropic","runId":"run-1"},"type":"start"}
{"type":"start-step"}
{"id":"t1","type":"text-start"}
{"delta":"before","id":"t1","type":"text-delta"}
{"data":{"from":5,"reason":"retention","to":9},"type":"data-gap"}
{"delta":"after","id":"t1","type":"text-delta"}
{"id":"t1","type":"text-end"}
{"type":"finish-step"}
{"finishReason":"stop","type":"finish"}
[DONE]
