id=1 event=run.start {"v":"1","seq":1,"run_id":"run-1","time":"2026-01-02T03:04:05Z","verb":"run.start","provider":"anthropic","model":"claude-x"}
id=2 event=message.start {"v":"1","seq":2,"run_id":"run-1","time":"2026-01-02T03:04:05Z","verb":"message.start","message_id":"msg-1","role":"assistant"}
id=3 event=raw {"v":"1","seq":3,"run_id":"run-1","time":"2026-01-02T03:04:05Z","verb":"raw","raw":{"dialect":"nanite","type":"slot_changed","payload":{"type":"slot_changed","content":"slot 2"}}}
id=4 event=raw {"v":"1","seq":4,"run_id":"run-1","time":"2026-01-02T03:04:05Z","verb":"raw","raw":{"dialect":"anthropic","type":"ping","payload":{"type":"ping"}}}
id=5 event=activity {"v":"1","seq":5,"run_id":"run-1","time":"2026-01-02T03:04:05Z","verb":"activity","kind":"nanite.status","value":{"text":"compacting"}}
id=6 event=activity {"v":"1","seq":6,"run_id":"run-1","time":"2026-01-02T03:04:05Z","verb":"activity","kind":"nanite.status","patch":[{"op":"replace","path":"/text","value":"done"}]}
id=7 event=activity {"v":"1","seq":7,"run_id":"run-1","time":"2026-01-02T03:04:05Z","verb":"activity","kind":"chatstream.state.snapshot","value":{"todo":[1,2]}}
id=8 event=activity {"v":"1","seq":8,"run_id":"run-1","time":"2026-01-02T03:04:05Z","verb":"activity","kind":"chatstream.replace_content","value":{"content":"replaced"}}
id=9 event=message.end {"v":"1","seq":9,"run_id":"run-1","time":"2026-01-02T03:04:05Z","verb":"message.end"}
id=10 event=run.finish {"v":"1","seq":10,"run_id":"run-1","time":"2026-01-02T03:04:05Z","verb":"run.finish","reason":"stop"}
