id=1 event=run.start {"v":"1","seq":1,"run_id":"run-1","time":"2026-01-02T03:04:05Z","verb":"run.start","provider":"anthropic","model":"claude-x"}
id=2 event=message.start {"v":"1","seq":2,"run_id":"run-1","time":"2026-01-02T03:04:05Z","verb":"message.start","message_id":"msg-1","role":"assistant"}
id=3 event=part.start {"v":"1","seq":3,"run_id":"run-1","time":"2026-01-02T03:04:05Z","verb":"part.start","part_id":"t1","kind":"text"}
id=4 event=part.delta {"v":"1","seq":4,"run_id":"run-1","time":"2026-01-02T03:04:05Z","verb":"part.delta","part_id":"t1","text":"half a sen"}
id=4 event=run.error {"v":"1","seq":0,"run_id":"run-1","time":"2026-01-02T03:04:05Z","verb":"run.error","code":"stream_lost","retryable":true,"message":"the stream ended before the run finished: connection reset by peer"}
