id=1 event=stream_start {"event_id":1,"message_id":"run-1","type":"stream_start"}
id=3 event=approval_request {"data":"{\"input\":{\"cmd\":\"ls\"},\"reason\":\"runs a shell command\",\"request_id\":\"ap-9\",\"tool\":\"bash\"}","event_id":3,"type":"approval_request"}
id=4 event=tool_call {"event_id":4,"tool":"bash","tool_id":"c7","type":"tool_call"}
id=7 event=stream_end {"event_id":7,"message_id":"run-1","type":"stream_end","usage":{"input_tokens":0,"output_tokens":0,"stop_reason":"tool_use"}}
