id=1 event=stream_start {"event_id":1,"message_id":"run-1","type":"stream_start"}
id=4 event=delta {"content":"Hello","event_id":4,"type":"delta"}
id=5 event=delta {"content":", world","event_id":5,"type":"delta"}
id=8 event=stream_end {"event_id":8,"message_id":"run-1","type":"stream_end","usage":{"input_tokens":0,"output_tokens":0,"stop_reason":"end_turn"}}
