id=1 event=stream_start {"event_id":1,"message_id":"run-1","type":"stream_start"}
id=10 event=delta {"content":"I can't help with that.","event_id":10,"type":"delta"}
id=13 event=stream_end {"event_id":13,"message_id":"run-1","type":"stream_end","usage":{"input_tokens":0,"output_tokens":0,"stop_reason":"refusal"}}
